// Jest Snapshot v1, https://goo.gl/fbAQLP

exports[`matches our snapshot 1`] = `ShallowWrapper {}`;
